// Jest Snapshot v1, https://goo.gl/fbAQLP

exports[`Render Commit Card 1`] = `<ul />`;
